// Jest Snapshot v1, https://goo.gl/fbAQLP

exports[`render and match snapshot 1`] = `
<div>
  <span
    class="tag"
  >
    Hello Tag
  </span>
</div>
`;
